// Validating benchmarks:
// ***** BenchmarkRunner: Start   *****
// ***** Found 480 benchmark(s) in total *****
// ***** Building 1 exe(s) in Parallel: Start   *****
// start dotnet  restore /p:UseSharedCompilation=false /p:BuildInParallel=false /m:1 /p:Deterministic=true /p:Optimize=true /p:IntermediateOutputPath="/home/shierfall/RiderProjects/search-engine-project/Benchmarks/bin/RELEASE/net9.0/0b5a97fb-1cac-41ad-b15f-0ffc1cd924b7/obj/Release/net9.0/" /p:OutDir="/home/shierfall/RiderProjects/search-engine-project/Benchmarks/bin/RELEASE/net9.0/0b5a97fb-1cac-41ad-b15f-0ffc1cd924b7/bin/Release/net9.0/" /p:OutputPath="/home/shierfall/RiderProjects/search-engine-project/Benchmarks/bin/RELEASE/net9.0/0b5a97fb-1cac-41ad-b15f-0ffc1cd924b7/bin/Release/net9.0/" in /home/shierfall/RiderProjects/search-engine-project/Benchmarks/bin/RELEASE/net9.0/0b5a97fb-1cac-41ad-b15f-0ffc1cd924b7
// command took 8.24 sec and exited with 0
// start dotnet  build -c Release --no-restore /p:UseSharedCompilation=false /p:BuildInParallel=false /m:1 /p:Deterministic=true /p:Optimize=true /p:IntermediateOutputPath="/home/shierfall/RiderProjects/search-engine-project/Benchmarks/bin/RELEASE/net9.0/0b5a97fb-1cac-41ad-b15f-0ffc1cd924b7/obj/Release/net9.0/" /p:OutDir="/home/shierfall/RiderProjects/search-engine-project/Benchmarks/bin/RELEASE/net9.0/0b5a97fb-1cac-41ad-b15f-0ffc1cd924b7/bin/Release/net9.0/" /p:OutputPath="/home/shierfall/RiderProjects/search-engine-project/Benchmarks/bin/RELEASE/net9.0/0b5a97fb-1cac-41ad-b15f-0ffc1cd924b7/bin/Release/net9.0/" --output "/home/shierfall/RiderProjects/search-engine-project/Benchmarks/bin/RELEASE/net9.0/0b5a97fb-1cac-41ad-b15f-0ffc1cd924b7/bin/Release/net9.0/" in /home/shierfall/RiderProjects/search-engine-project/Benchmarks/bin/RELEASE/net9.0/0b5a97fb-1cac-41ad-b15f-0ffc1cd924b7
// command took 66.26 sec and exited with 0
// ***** Done, took 00:01:16 (76.68 sec)   *****
// Found 480 benchmarks:
//   SearchOperationsBenchmark.Trie-Boolean-Naive: Job-USIDNR(IterationCount=20, WarmupCount=4) [FileSize=100KB, query=and && or || cat]
//   SearchOperationsBenchmark.Trie-Boolean-Bitset: Job-USIDNR(IterationCount=20, WarmupCount=4) [FileSize=100KB, query=and && or || cat]
//   SearchOperationsBenchmark.InvertedIndex-Boolean-Naive: Job-USIDNR(IterationCount=20, WarmupCount=4) [FileSize=100KB, query=and && or || cat]
//   SearchOperationsBenchmark.InvertedIndex-Boolean-Bitset: Job-USIDNR(IterationCount=20, WarmupCount=4) [FileSize=100KB, query=and && or || cat]
//   SearchOperationsBenchmark.Trie-Boolean-Naive: Job-USIDNR(IterationCount=20, WarmupCount=4) [FileSize=100KB, query=and |(...)|| or [26]]
//   SearchOperationsBenchmark.Trie-Boolean-Bitset: Job-USIDNR(IterationCount=20, WarmupCount=4) [FileSize=100KB, query=and |(...)|| or [26]]
//   SearchOperationsBenchmark.InvertedIndex-Boolean-Naive: Job-USIDNR(IterationCount=20, WarmupCount=4) [FileSize=100KB, query=and |(...)|| or [26]]
//   SearchOperationsBenchmark.InvertedIndex-Boolean-Bitset: Job-USIDNR(IterationCount=20, WarmupCount=4) [FileSize=100KB, query=and |(...)|| or [26]]
//   SearchOperationsBenchmark.Trie-Boolean-Naive: Job-USIDNR(IterationCount=20, WarmupCount=4) [FileSize=100KB, query=cat || because]
//   SearchOperationsBenchmark.Trie-Boolean-Bitset: Job-USIDNR(IterationCount=20, WarmupCount=4) [FileSize=100KB, query=cat || because]
//   SearchOperationsBenchmark.InvertedIndex-Boolean-Naive: Job-USIDNR(IterationCount=20, WarmupCount=4) [FileSize=100KB, query=cat || because]
//   SearchOperationsBenchmark.InvertedIndex-Boolean-Bitset: Job-USIDNR(IterationCount=20, WarmupCount=4) [FileSize=100KB, query=cat || because]
//   SearchOperationsBenchmark.Trie-Boolean-Naive: Job-USIDNR(IterationCount=20, WarmupCount=4) [FileSize=100KB, query=cat |(...)|| it [22]]
//   SearchOperationsBenchmark.Trie-Boolean-Bitset: Job-USIDNR(IterationCount=20, WarmupCount=4) [FileSize=100KB, query=cat |(...)|| it [22]]
//   SearchOperationsBenchmark.InvertedIndex-Boolean-Naive: Job-USIDNR(IterationCount=20, WarmupCount=4) [FileSize=100KB, query=cat |(...)|| it [22]]
//   SearchOperationsBenchmark.InvertedIndex-Boolean-Bitset: Job-USIDNR(IterationCount=20, WarmupCount=4) [FileSize=100KB, query=cat |(...)|| it [22]]
//   SearchOperationsBenchmark.Trie-Boolean-Naive: Job-USIDNR(IterationCount=20, WarmupCount=4) [FileSize=100MB, query=and && or || cat]
//   SearchOperationsBenchmark.Trie-Boolean-Bitset: Job-USIDNR(IterationCount=20, WarmupCount=4) [FileSize=100MB, query=and && or || cat]
//   SearchOperationsBenchmark.InvertedIndex-Boolean-Naive: Job-USIDNR(IterationCount=20, WarmupCount=4) [FileSize=100MB, query=and && or || cat]
//   SearchOperationsBenchmark.InvertedIndex-Boolean-Bitset: Job-USIDNR(IterationCount=20, WarmupCount=4) [FileSize=100MB, query=and && or || cat]
//   SearchOperationsBenchmark.Trie-Boolean-Naive: Job-USIDNR(IterationCount=20, WarmupCount=4) [FileSize=100MB, query=and |(...)|| or [26]]
//   SearchOperationsBenchmark.Trie-Boolean-Bitset: Job-USIDNR(IterationCount=20, WarmupCount=4) [FileSize=100MB, query=and |(...)|| or [26]]
//   SearchOperationsBenchmark.InvertedIndex-Boolean-Naive: Job-USIDNR(IterationCount=20, WarmupCount=4) [FileSize=100MB, query=and |(...)|| or [26]]
//   SearchOperationsBenchmark.InvertedIndex-Boolean-Bitset: Job-USIDNR(IterationCount=20, WarmupCount=4) [FileSize=100MB, query=and |(...)|| or [26]]
//   SearchOperationsBenchmark.Trie-Boolean-Naive: Job-USIDNR(IterationCount=20, WarmupCount=4) [FileSize=100MB, query=cat || because]
//   SearchOperationsBenchmark.Trie-Boolean-Bitset: Job-USIDNR(IterationCount=20, WarmupCount=4) [FileSize=100MB, query=cat || because]
//   SearchOperationsBenchmark.InvertedIndex-Boolean-Naive: Job-USIDNR(IterationCount=20, WarmupCount=4) [FileSize=100MB, query=cat || because]
//   SearchOperationsBenchmark.InvertedIndex-Boolean-Bitset: Job-USIDNR(IterationCount=20, WarmupCount=4) [FileSize=100MB, query=cat || because]
//   SearchOperationsBenchmark.Trie-Boolean-Naive: Job-USIDNR(IterationCount=20, WarmupCount=4) [FileSize=100MB, query=cat |(...)|| it [22]]
//   SearchOperationsBenchmark.Trie-Boolean-Bitset: Job-USIDNR(IterationCount=20, WarmupCount=4) [FileSize=100MB, query=cat |(...)|| it [22]]
//   SearchOperationsBenchmark.InvertedIndex-Boolean-Naive: Job-USIDNR(IterationCount=20, WarmupCount=4) [FileSize=100MB, query=cat |(...)|| it [22]]
//   SearchOperationsBenchmark.InvertedIndex-Boolean-Bitset: Job-USIDNR(IterationCount=20, WarmupCount=4) [FileSize=100MB, query=cat |(...)|| it [22]]
//   SearchOperationsBenchmark.Trie-Boolean-Naive: Job-USIDNR(IterationCount=20, WarmupCount=4) [FileSize=10MB, query=and && or || cat]
//   SearchOperationsBenchmark.Trie-Boolean-Bitset: Job-USIDNR(IterationCount=20, WarmupCount=4) [FileSize=10MB, query=and && or || cat]
//   SearchOperationsBenchmark.InvertedIndex-Boolean-Naive: Job-USIDNR(IterationCount=20, WarmupCount=4) [FileSize=10MB, query=and && or || cat]
//   SearchOperationsBenchmark.InvertedIndex-Boolean-Bitset: Job-USIDNR(IterationCount=20, WarmupCount=4) [FileSize=10MB, query=and && or || cat]
//   SearchOperationsBenchmark.Trie-Boolean-Naive: Job-USIDNR(IterationCount=20, WarmupCount=4) [FileSize=10MB, query=and |(...)|| or [26]]
//   SearchOperationsBenchmark.Trie-Boolean-Bitset: Job-USIDNR(IterationCount=20, WarmupCount=4) [FileSize=10MB, query=and |(...)|| or [26]]
//   SearchOperationsBenchmark.InvertedIndex-Boolean-Naive: Job-USIDNR(IterationCount=20, WarmupCount=4) [FileSize=10MB, query=and |(...)|| or [26]]
//   SearchOperationsBenchmark.InvertedIndex-Boolean-Bitset: Job-USIDNR(IterationCount=20, WarmupCount=4) [FileSize=10MB, query=and |(...)|| or [26]]
//   SearchOperationsBenchmark.Trie-Boolean-Naive: Job-USIDNR(IterationCount=20, WarmupCount=4) [FileSize=10MB, query=cat || because]
//   SearchOperationsBenchmark.Trie-Boolean-Bitset: Job-USIDNR(IterationCount=20, WarmupCount=4) [FileSize=10MB, query=cat || because]
//   SearchOperationsBenchmark.InvertedIndex-Boolean-Naive: Job-USIDNR(IterationCount=20, WarmupCount=4) [FileSize=10MB, query=cat || because]
//   SearchOperationsBenchmark.InvertedIndex-Boolean-Bitset: Job-USIDNR(IterationCount=20, WarmupCount=4) [FileSize=10MB, query=cat || because]
//   SearchOperationsBenchmark.Trie-Boolean-Naive: Job-USIDNR(IterationCount=20, WarmupCount=4) [FileSize=10MB, query=cat |(...)|| it [22]]
//   SearchOperationsBenchmark.Trie-Boolean-Bitset: Job-USIDNR(IterationCount=20, WarmupCount=4) [FileSize=10MB, query=cat |(...)|| it [22]]
//   SearchOperationsBenchmark.InvertedIndex-Boolean-Naive: Job-USIDNR(IterationCount=20, WarmupCount=4) [FileSize=10MB, query=cat |(...)|| it [22]]
//   SearchOperationsBenchmark.InvertedIndex-Boolean-Bitset: Job-USIDNR(IterationCount=20, WarmupCount=4) [FileSize=10MB, query=cat |(...)|| it [22]]
//   SearchOperationsBenchmark.Trie-Boolean-Naive: Job-USIDNR(IterationCount=20, WarmupCount=4) [FileSize=1MB, query=and && or || cat]
//   SearchOperationsBenchmark.Trie-Boolean-Bitset: Job-USIDNR(IterationCount=20, WarmupCount=4) [FileSize=1MB, query=and && or || cat]
//   SearchOperationsBenchmark.InvertedIndex-Boolean-Naive: Job-USIDNR(IterationCount=20, WarmupCount=4) [FileSize=1MB, query=and && or || cat]
//   SearchOperationsBenchmark.InvertedIndex-Boolean-Bitset: Job-USIDNR(IterationCount=20, WarmupCount=4) [FileSize=1MB, query=and && or || cat]
//   SearchOperationsBenchmark.Trie-Boolean-Naive: Job-USIDNR(IterationCount=20, WarmupCount=4) [FileSize=1MB, query=and |(...)|| or [26]]
//   SearchOperationsBenchmark.Trie-Boolean-Bitset: Job-USIDNR(IterationCount=20, WarmupCount=4) [FileSize=1MB, query=and |(...)|| or [26]]
//   SearchOperationsBenchmark.InvertedIndex-Boolean-Naive: Job-USIDNR(IterationCount=20, WarmupCount=4) [FileSize=1MB, query=and |(...)|| or [26]]
//   SearchOperationsBenchmark.InvertedIndex-Boolean-Bitset: Job-USIDNR(IterationCount=20, WarmupCount=4) [FileSize=1MB, query=and |(...)|| or [26]]
//   SearchOperationsBenchmark.Trie-Boolean-Naive: Job-USIDNR(IterationCount=20, WarmupCount=4) [FileSize=1MB, query=cat || because]
//   SearchOperationsBenchmark.Trie-Boolean-Bitset: Job-USIDNR(IterationCount=20, WarmupCount=4) [FileSize=1MB, query=cat || because]
//   SearchOperationsBenchmark.InvertedIndex-Boolean-Naive: Job-USIDNR(IterationCount=20, WarmupCount=4) [FileSize=1MB, query=cat || because]
//   SearchOperationsBenchmark.InvertedIndex-Boolean-Bitset: Job-USIDNR(IterationCount=20, WarmupCount=4) [FileSize=1MB, query=cat || because]
//   SearchOperationsBenchmark.Trie-Boolean-Naive: Job-USIDNR(IterationCount=20, WarmupCount=4) [FileSize=1MB, query=cat |(...)|| it [22]]
//   SearchOperationsBenchmark.Trie-Boolean-Bitset: Job-USIDNR(IterationCount=20, WarmupCount=4) [FileSize=1MB, query=cat |(...)|| it [22]]
//   SearchOperationsBenchmark.InvertedIndex-Boolean-Naive: Job-USIDNR(IterationCount=20, WarmupCount=4) [FileSize=1MB, query=cat |(...)|| it [22]]
//   SearchOperationsBenchmark.InvertedIndex-Boolean-Bitset: Job-USIDNR(IterationCount=20, WarmupCount=4) [FileSize=1MB, query=cat |(...)|| it [22]]
//   SearchOperationsBenchmark.Trie-Boolean-Naive: Job-USIDNR(IterationCount=20, WarmupCount=4) [FileSize=200MB, query=and && or || cat]
//   SearchOperationsBenchmark.Trie-Boolean-Bitset: Job-USIDNR(IterationCount=20, WarmupCount=4) [FileSize=200MB, query=and && or || cat]
//   SearchOperationsBenchmark.InvertedIndex-Boolean-Naive: Job-USIDNR(IterationCount=20, WarmupCount=4) [FileSize=200MB, query=and && or || cat]
//   SearchOperationsBenchmark.InvertedIndex-Boolean-Bitset: Job-USIDNR(IterationCount=20, WarmupCount=4) [FileSize=200MB, query=and && or || cat]
//   SearchOperationsBenchmark.Trie-Boolean-Naive: Job-USIDNR(IterationCount=20, WarmupCount=4) [FileSize=200MB, query=and |(...)|| or [26]]
//   SearchOperationsBenchmark.Trie-Boolean-Bitset: Job-USIDNR(IterationCount=20, WarmupCount=4) [FileSize=200MB, query=and |(...)|| or [26]]
//   SearchOperationsBenchmark.InvertedIndex-Boolean-Naive: Job-USIDNR(IterationCount=20, WarmupCount=4) [FileSize=200MB, query=and |(...)|| or [26]]
//   SearchOperationsBenchmark.InvertedIndex-Boolean-Bitset: Job-USIDNR(IterationCount=20, WarmupCount=4) [FileSize=200MB, query=and |(...)|| or [26]]
//   SearchOperationsBenchmark.Trie-Boolean-Naive: Job-USIDNR(IterationCount=20, WarmupCount=4) [FileSize=200MB, query=cat || because]
//   SearchOperationsBenchmark.Trie-Boolean-Bitset: Job-USIDNR(IterationCount=20, WarmupCount=4) [FileSize=200MB, query=cat || because]
//   SearchOperationsBenchmark.InvertedIndex-Boolean-Naive: Job-USIDNR(IterationCount=20, WarmupCount=4) [FileSize=200MB, query=cat || because]
//   SearchOperationsBenchmark.InvertedIndex-Boolean-Bitset: Job-USIDNR(IterationCount=20, WarmupCount=4) [FileSize=200MB, query=cat || because]
//   SearchOperationsBenchmark.Trie-Boolean-Naive: Job-USIDNR(IterationCount=20, WarmupCount=4) [FileSize=200MB, query=cat |(...)|| it [22]]
//   SearchOperationsBenchmark.Trie-Boolean-Bitset: Job-USIDNR(IterationCount=20, WarmupCount=4) [FileSize=200MB, query=cat |(...)|| it [22]]
//   SearchOperationsBenchmark.InvertedIndex-Boolean-Naive: Job-USIDNR(IterationCount=20, WarmupCount=4) [FileSize=200MB, query=cat |(...)|| it [22]]
//   SearchOperationsBenchmark.InvertedIndex-Boolean-Bitset: Job-USIDNR(IterationCount=20, WarmupCount=4) [FileSize=200MB, query=cat |(...)|| it [22]]
//   SearchOperationsBenchmark.Trie-Boolean-Naive: Job-USIDNR(IterationCount=20, WarmupCount=4) [FileSize=20MB, query=and && or || cat]
//   SearchOperationsBenchmark.Trie-Boolean-Bitset: Job-USIDNR(IterationCount=20, WarmupCount=4) [FileSize=20MB, query=and && or || cat]
//   SearchOperationsBenchmark.InvertedIndex-Boolean-Naive: Job-USIDNR(IterationCount=20, WarmupCount=4) [FileSize=20MB, query=and && or || cat]
//   SearchOperationsBenchmark.InvertedIndex-Boolean-Bitset: Job-USIDNR(IterationCount=20, WarmupCount=4) [FileSize=20MB, query=and && or || cat]
//   SearchOperationsBenchmark.Trie-Boolean-Naive: Job-USIDNR(IterationCount=20, WarmupCount=4) [FileSize=20MB, query=and |(...)|| or [26]]
//   SearchOperationsBenchmark.Trie-Boolean-Bitset: Job-USIDNR(IterationCount=20, WarmupCount=4) [FileSize=20MB, query=and |(...)|| or [26]]
//   SearchOperationsBenchmark.InvertedIndex-Boolean-Naive: Job-USIDNR(IterationCount=20, WarmupCount=4) [FileSize=20MB, query=and |(...)|| or [26]]
//   SearchOperationsBenchmark.InvertedIndex-Boolean-Bitset: Job-USIDNR(IterationCount=20, WarmupCount=4) [FileSize=20MB, query=and |(...)|| or [26]]
//   SearchOperationsBenchmark.Trie-Boolean-Naive: Job-USIDNR(IterationCount=20, WarmupCount=4) [FileSize=20MB, query=cat || because]
//   SearchOperationsBenchmark.Trie-Boolean-Bitset: Job-USIDNR(IterationCount=20, WarmupCount=4) [FileSize=20MB, query=cat || because]
//   SearchOperationsBenchmark.InvertedIndex-Boolean-Naive: Job-USIDNR(IterationCount=20, WarmupCount=4) [FileSize=20MB, query=cat || because]
//   SearchOperationsBenchmark.InvertedIndex-Boolean-Bitset: Job-USIDNR(IterationCount=20, WarmupCount=4) [FileSize=20MB, query=cat || because]
//   SearchOperationsBenchmark.Trie-Boolean-Naive: Job-USIDNR(IterationCount=20, WarmupCount=4) [FileSize=20MB, query=cat |(...)|| it [22]]
//   SearchOperationsBenchmark.Trie-Boolean-Bitset: Job-USIDNR(IterationCount=20, WarmupCount=4) [FileSize=20MB, query=cat |(...)|| it [22]]
//   SearchOperationsBenchmark.InvertedIndex-Boolean-Naive: Job-USIDNR(IterationCount=20, WarmupCount=4) [FileSize=20MB, query=cat |(...)|| it [22]]
//   SearchOperationsBenchmark.InvertedIndex-Boolean-Bitset: Job-USIDNR(IterationCount=20, WarmupCount=4) [FileSize=20MB, query=cat |(...)|| it [22]]
//   SearchOperationsBenchmark.Trie-Boolean-Naive: Job-USIDNR(IterationCount=20, WarmupCount=4) [FileSize=2MB, query=and && or || cat]
//   SearchOperationsBenchmark.Trie-Boolean-Bitset: Job-USIDNR(IterationCount=20, WarmupCount=4) [FileSize=2MB, query=and && or || cat]
//   SearchOperationsBenchmark.InvertedIndex-Boolean-Naive: Job-USIDNR(IterationCount=20, WarmupCount=4) [FileSize=2MB, query=and && or || cat]
//   SearchOperationsBenchmark.InvertedIndex-Boolean-Bitset: Job-USIDNR(IterationCount=20, WarmupCount=4) [FileSize=2MB, query=and && or || cat]
//   SearchOperationsBenchmark.Trie-Boolean-Naive: Job-USIDNR(IterationCount=20, WarmupCount=4) [FileSize=2MB, query=and |(...)|| or [26]]
//   SearchOperationsBenchmark.Trie-Boolean-Bitset: Job-USIDNR(IterationCount=20, WarmupCount=4) [FileSize=2MB, query=and |(...)|| or [26]]
//   SearchOperationsBenchmark.InvertedIndex-Boolean-Naive: Job-USIDNR(IterationCount=20, WarmupCount=4) [FileSize=2MB, query=and |(...)|| or [26]]
//   SearchOperationsBenchmark.InvertedIndex-Boolean-Bitset: Job-USIDNR(IterationCount=20, WarmupCount=4) [FileSize=2MB, query=and |(...)|| or [26]]
//   SearchOperationsBenchmark.Trie-Boolean-Naive: Job-USIDNR(IterationCount=20, WarmupCount=4) [FileSize=2MB, query=cat || because]
//   SearchOperationsBenchmark.Trie-Boolean-Bitset: Job-USIDNR(IterationCount=20, WarmupCount=4) [FileSize=2MB, query=cat || because]
//   SearchOperationsBenchmark.InvertedIndex-Boolean-Naive: Job-USIDNR(IterationCount=20, WarmupCount=4) [FileSize=2MB, query=cat || because]
//   SearchOperationsBenchmark.InvertedIndex-Boolean-Bitset: Job-USIDNR(IterationCount=20, WarmupCount=4) [FileSize=2MB, query=cat || because]
//   SearchOperationsBenchmark.Trie-Boolean-Naive: Job-USIDNR(IterationCount=20, WarmupCount=4) [FileSize=2MB, query=cat |(...)|| it [22]]
//   SearchOperationsBenchmark.Trie-Boolean-Bitset: Job-USIDNR(IterationCount=20, WarmupCount=4) [FileSize=2MB, query=cat |(...)|| it [22]]
//   SearchOperationsBenchmark.InvertedIndex-Boolean-Naive: Job-USIDNR(IterationCount=20, WarmupCount=4) [FileSize=2MB, query=cat |(...)|| it [22]]
//   SearchOperationsBenchmark.InvertedIndex-Boolean-Bitset: Job-USIDNR(IterationCount=20, WarmupCount=4) [FileSize=2MB, query=cat |(...)|| it [22]]
//   SearchOperationsBenchmark.Trie-Boolean-Naive: Job-USIDNR(IterationCount=20, WarmupCount=4) [FileSize=400MB, query=and && or || cat]
//   SearchOperationsBenchmark.Trie-Boolean-Bitset: Job-USIDNR(IterationCount=20, WarmupCount=4) [FileSize=400MB, query=and && or || cat]
//   SearchOperationsBenchmark.InvertedIndex-Boolean-Naive: Job-USIDNR(IterationCount=20, WarmupCount=4) [FileSize=400MB, query=and && or || cat]
//   SearchOperationsBenchmark.InvertedIndex-Boolean-Bitset: Job-USIDNR(IterationCount=20, WarmupCount=4) [FileSize=400MB, query=and && or || cat]
//   SearchOperationsBenchmark.Trie-Boolean-Naive: Job-USIDNR(IterationCount=20, WarmupCount=4) [FileSize=400MB, query=and |(...)|| or [26]]
//   SearchOperationsBenchmark.Trie-Boolean-Bitset: Job-USIDNR(IterationCount=20, WarmupCount=4) [FileSize=400MB, query=and |(...)|| or [26]]
//   SearchOperationsBenchmark.InvertedIndex-Boolean-Naive: Job-USIDNR(IterationCount=20, WarmupCount=4) [FileSize=400MB, query=and |(...)|| or [26]]
//   SearchOperationsBenchmark.InvertedIndex-Boolean-Bitset: Job-USIDNR(IterationCount=20, WarmupCount=4) [FileSize=400MB, query=and |(...)|| or [26]]
//   SearchOperationsBenchmark.Trie-Boolean-Naive: Job-USIDNR(IterationCount=20, WarmupCount=4) [FileSize=400MB, query=cat || because]
//   SearchOperationsBenchmark.Trie-Boolean-Bitset: Job-USIDNR(IterationCount=20, WarmupCount=4) [FileSize=400MB, query=cat || because]
//   SearchOperationsBenchmark.InvertedIndex-Boolean-Naive: Job-USIDNR(IterationCount=20, WarmupCount=4) [FileSize=400MB, query=cat || because]
//   SearchOperationsBenchmark.InvertedIndex-Boolean-Bitset: Job-USIDNR(IterationCount=20, WarmupCount=4) [FileSize=400MB, query=cat || because]
//   SearchOperationsBenchmark.Trie-Boolean-Naive: Job-USIDNR(IterationCount=20, WarmupCount=4) [FileSize=400MB, query=cat |(...)|| it [22]]
//   SearchOperationsBenchmark.Trie-Boolean-Bitset: Job-USIDNR(IterationCount=20, WarmupCount=4) [FileSize=400MB, query=cat |(...)|| it [22]]
//   SearchOperationsBenchmark.InvertedIndex-Boolean-Naive: Job-USIDNR(IterationCount=20, WarmupCount=4) [FileSize=400MB, query=cat |(...)|| it [22]]
//   SearchOperationsBenchmark.InvertedIndex-Boolean-Bitset: Job-USIDNR(IterationCount=20, WarmupCount=4) [FileSize=400MB, query=cat |(...)|| it [22]]
//   SearchOperationsBenchmark.Trie-Boolean-Naive: Job-USIDNR(IterationCount=20, WarmupCount=4) [FileSize=50MB, query=and && or || cat]
//   SearchOperationsBenchmark.Trie-Boolean-Bitset: Job-USIDNR(IterationCount=20, WarmupCount=4) [FileSize=50MB, query=and && or || cat]
//   SearchOperationsBenchmark.InvertedIndex-Boolean-Naive: Job-USIDNR(IterationCount=20, WarmupCount=4) [FileSize=50MB, query=and && or || cat]
//   SearchOperationsBenchmark.InvertedIndex-Boolean-Bitset: Job-USIDNR(IterationCount=20, WarmupCount=4) [FileSize=50MB, query=and && or || cat]
//   SearchOperationsBenchmark.Trie-Boolean-Naive: Job-USIDNR(IterationCount=20, WarmupCount=4) [FileSize=50MB, query=and |(...)|| or [26]]
//   SearchOperationsBenchmark.Trie-Boolean-Bitset: Job-USIDNR(IterationCount=20, WarmupCount=4) [FileSize=50MB, query=and |(...)|| or [26]]
//   SearchOperationsBenchmark.InvertedIndex-Boolean-Naive: Job-USIDNR(IterationCount=20, WarmupCount=4) [FileSize=50MB, query=and |(...)|| or [26]]
//   SearchOperationsBenchmark.InvertedIndex-Boolean-Bitset: Job-USIDNR(IterationCount=20, WarmupCount=4) [FileSize=50MB, query=and |(...)|| or [26]]
//   SearchOperationsBenchmark.Trie-Boolean-Naive: Job-USIDNR(IterationCount=20, WarmupCount=4) [FileSize=50MB, query=cat || because]
//   SearchOperationsBenchmark.Trie-Boolean-Bitset: Job-USIDNR(IterationCount=20, WarmupCount=4) [FileSize=50MB, query=cat || because]
//   SearchOperationsBenchmark.InvertedIndex-Boolean-Naive: Job-USIDNR(IterationCount=20, WarmupCount=4) [FileSize=50MB, query=cat || because]
//   SearchOperationsBenchmark.InvertedIndex-Boolean-Bitset: Job-USIDNR(IterationCount=20, WarmupCount=4) [FileSize=50MB, query=cat || because]
//   SearchOperationsBenchmark.Trie-Boolean-Naive: Job-USIDNR(IterationCount=20, WarmupCount=4) [FileSize=50MB, query=cat |(...)|| it [22]]
//   SearchOperationsBenchmark.Trie-Boolean-Bitset: Job-USIDNR(IterationCount=20, WarmupCount=4) [FileSize=50MB, query=cat |(...)|| it [22]]
//   SearchOperationsBenchmark.InvertedIndex-Boolean-Naive: Job-USIDNR(IterationCount=20, WarmupCount=4) [FileSize=50MB, query=cat |(...)|| it [22]]
//   SearchOperationsBenchmark.InvertedIndex-Boolean-Bitset: Job-USIDNR(IterationCount=20, WarmupCount=4) [FileSize=50MB, query=cat |(...)|| it [22]]
//   SearchOperationsBenchmark.Trie-Boolean-Naive: Job-USIDNR(IterationCount=20, WarmupCount=4) [FileSize=5MB, query=and && or || cat]
//   SearchOperationsBenchmark.Trie-Boolean-Bitset: Job-USIDNR(IterationCount=20, WarmupCount=4) [FileSize=5MB, query=and && or || cat]
//   SearchOperationsBenchmark.InvertedIndex-Boolean-Naive: Job-USIDNR(IterationCount=20, WarmupCount=4) [FileSize=5MB, query=and && or || cat]
//   SearchOperationsBenchmark.InvertedIndex-Boolean-Bitset: Job-USIDNR(IterationCount=20, WarmupCount=4) [FileSize=5MB, query=and && or || cat]
//   SearchOperationsBenchmark.Trie-Boolean-Naive: Job-USIDNR(IterationCount=20, WarmupCount=4) [FileSize=5MB, query=and |(...)|| or [26]]
//   SearchOperationsBenchmark.Trie-Boolean-Bitset: Job-USIDNR(IterationCount=20, WarmupCount=4) [FileSize=5MB, query=and |(...)|| or [26]]
//   SearchOperationsBenchmark.InvertedIndex-Boolean-Naive: Job-USIDNR(IterationCount=20, WarmupCount=4) [FileSize=5MB, query=and |(...)|| or [26]]
//   SearchOperationsBenchmark.InvertedIndex-Boolean-Bitset: Job-USIDNR(IterationCount=20, WarmupCount=4) [FileSize=5MB, query=and |(...)|| or [26]]
//   SearchOperationsBenchmark.Trie-Boolean-Naive: Job-USIDNR(IterationCount=20, WarmupCount=4) [FileSize=5MB, query=cat || because]
//   SearchOperationsBenchmark.Trie-Boolean-Bitset: Job-USIDNR(IterationCount=20, WarmupCount=4) [FileSize=5MB, query=cat || because]
//   SearchOperationsBenchmark.InvertedIndex-Boolean-Naive: Job-USIDNR(IterationCount=20, WarmupCount=4) [FileSize=5MB, query=cat || because]
//   SearchOperationsBenchmark.InvertedIndex-Boolean-Bitset: Job-USIDNR(IterationCount=20, WarmupCount=4) [FileSize=5MB, query=cat || because]
//   SearchOperationsBenchmark.Trie-Boolean-Naive: Job-USIDNR(IterationCount=20, WarmupCount=4) [FileSize=5MB, query=cat |(...)|| it [22]]
//   SearchOperationsBenchmark.Trie-Boolean-Bitset: Job-USIDNR(IterationCount=20, WarmupCount=4) [FileSize=5MB, query=cat |(...)|| it [22]]
//   SearchOperationsBenchmark.InvertedIndex-Boolean-Naive: Job-USIDNR(IterationCount=20, WarmupCount=4) [FileSize=5MB, query=cat |(...)|| it [22]]
//   SearchOperationsBenchmark.InvertedIndex-Boolean-Bitset: Job-USIDNR(IterationCount=20, WarmupCount=4) [FileSize=5MB, query=cat |(...)|| it [22]]
//   SearchOperationsBenchmark.Trie-Exact: Job-USIDNR(IterationCount=20, WarmupCount=4) [FileSize=100KB, query=and]
//   SearchOperationsBenchmark.InvertedIndex-Exact: Job-USIDNR(IterationCount=20, WarmupCount=4) [FileSize=100KB, query=and]
//   SearchOperationsBenchmark.BloomFilter-Exact: Job-USIDNR(IterationCount=20, WarmupCount=4) [FileSize=100KB, query=and]
//   SearchOperationsBenchmark.Trie-Exact: Job-USIDNR(IterationCount=20, WarmupCount=4) [FileSize=100KB, query=because]
//   SearchOperationsBenchmark.InvertedIndex-Exact: Job-USIDNR(IterationCount=20, WarmupCount=4) [FileSize=100KB, query=because]
//   SearchOperationsBenchmark.BloomFilter-Exact: Job-USIDNR(IterationCount=20, WarmupCount=4) [FileSize=100KB, query=because]
//   SearchOperationsBenchmark.Trie-Exact: Job-USIDNR(IterationCount=20, WarmupCount=4) [FileSize=100KB, query=cat]
//   SearchOperationsBenchmark.InvertedIndex-Exact: Job-USIDNR(IterationCount=20, WarmupCount=4) [FileSize=100KB, query=cat]
//   SearchOperationsBenchmark.BloomFilter-Exact: Job-USIDNR(IterationCount=20, WarmupCount=4) [FileSize=100KB, query=cat]
//   SearchOperationsBenchmark.Trie-Exact: Job-USIDNR(IterationCount=20, WarmupCount=4) [FileSize=100KB, query=or]
//   SearchOperationsBenchmark.InvertedIndex-Exact: Job-USIDNR(IterationCount=20, WarmupCount=4) [FileSize=100KB, query=or]
//   SearchOperationsBenchmark.BloomFilter-Exact: Job-USIDNR(IterationCount=20, WarmupCount=4) [FileSize=100KB, query=or]
//   SearchOperationsBenchmark.Trie-Exact: Job-USIDNR(IterationCount=20, WarmupCount=4) [FileSize=100MB, query=and]
//   SearchOperationsBenchmark.InvertedIndex-Exact: Job-USIDNR(IterationCount=20, WarmupCount=4) [FileSize=100MB, query=and]
//   SearchOperationsBenchmark.BloomFilter-Exact: Job-USIDNR(IterationCount=20, WarmupCount=4) [FileSize=100MB, query=and]
//   SearchOperationsBenchmark.Trie-Exact: Job-USIDNR(IterationCount=20, WarmupCount=4) [FileSize=100MB, query=because]
//   SearchOperationsBenchmark.InvertedIndex-Exact: Job-USIDNR(IterationCount=20, WarmupCount=4) [FileSize=100MB, query=because]
//   SearchOperationsBenchmark.BloomFilter-Exact: Job-USIDNR(IterationCount=20, WarmupCount=4) [FileSize=100MB, query=because]
//   SearchOperationsBenchmark.Trie-Exact: Job-USIDNR(IterationCount=20, WarmupCount=4) [FileSize=100MB, query=cat]
//   SearchOperationsBenchmark.InvertedIndex-Exact: Job-USIDNR(IterationCount=20, WarmupCount=4) [FileSize=100MB, query=cat]
//   SearchOperationsBenchmark.BloomFilter-Exact: Job-USIDNR(IterationCount=20, WarmupCount=4) [FileSize=100MB, query=cat]
//   SearchOperationsBenchmark.Trie-Exact: Job-USIDNR(IterationCount=20, WarmupCount=4) [FileSize=100MB, query=or]
//   SearchOperationsBenchmark.InvertedIndex-Exact: Job-USIDNR(IterationCount=20, WarmupCount=4) [FileSize=100MB, query=or]
//   SearchOperationsBenchmark.BloomFilter-Exact: Job-USIDNR(IterationCount=20, WarmupCount=4) [FileSize=100MB, query=or]
//   SearchOperationsBenchmark.Trie-Exact: Job-USIDNR(IterationCount=20, WarmupCount=4) [FileSize=10MB, query=and]
//   SearchOperationsBenchmark.InvertedIndex-Exact: Job-USIDNR(IterationCount=20, WarmupCount=4) [FileSize=10MB, query=and]
//   SearchOperationsBenchmark.BloomFilter-Exact: Job-USIDNR(IterationCount=20, WarmupCount=4) [FileSize=10MB, query=and]
//   SearchOperationsBenchmark.Trie-Exact: Job-USIDNR(IterationCount=20, WarmupCount=4) [FileSize=10MB, query=because]
//   SearchOperationsBenchmark.InvertedIndex-Exact: Job-USIDNR(IterationCount=20, WarmupCount=4) [FileSize=10MB, query=because]
//   SearchOperationsBenchmark.BloomFilter-Exact: Job-USIDNR(IterationCount=20, WarmupCount=4) [FileSize=10MB, query=because]
//   SearchOperationsBenchmark.Trie-Exact: Job-USIDNR(IterationCount=20, WarmupCount=4) [FileSize=10MB, query=cat]
//   SearchOperationsBenchmark.InvertedIndex-Exact: Job-USIDNR(IterationCount=20, WarmupCount=4) [FileSize=10MB, query=cat]
//   SearchOperationsBenchmark.BloomFilter-Exact: Job-USIDNR(IterationCount=20, WarmupCount=4) [FileSize=10MB, query=cat]
//   SearchOperationsBenchmark.Trie-Exact: Job-USIDNR(IterationCount=20, WarmupCount=4) [FileSize=10MB, query=or]
//   SearchOperationsBenchmark.InvertedIndex-Exact: Job-USIDNR(IterationCount=20, WarmupCount=4) [FileSize=10MB, query=or]
//   SearchOperationsBenchmark.BloomFilter-Exact: Job-USIDNR(IterationCount=20, WarmupCount=4) [FileSize=10MB, query=or]
//   SearchOperationsBenchmark.Trie-Exact: Job-USIDNR(IterationCount=20, WarmupCount=4) [FileSize=1MB, query=and]
//   SearchOperationsBenchmark.InvertedIndex-Exact: Job-USIDNR(IterationCount=20, WarmupCount=4) [FileSize=1MB, query=and]
//   SearchOperationsBenchmark.BloomFilter-Exact: Job-USIDNR(IterationCount=20, WarmupCount=4) [FileSize=1MB, query=and]
//   SearchOperationsBenchmark.Trie-Exact: Job-USIDNR(IterationCount=20, WarmupCount=4) [FileSize=1MB, query=because]
//   SearchOperationsBenchmark.InvertedIndex-Exact: Job-USIDNR(IterationCount=20, WarmupCount=4) [FileSize=1MB, query=because]
//   SearchOperationsBenchmark.BloomFilter-Exact: Job-USIDNR(IterationCount=20, WarmupCount=4) [FileSize=1MB, query=because]
//   SearchOperationsBenchmark.Trie-Exact: Job-USIDNR(IterationCount=20, WarmupCount=4) [FileSize=1MB, query=cat]
//   SearchOperationsBenchmark.InvertedIndex-Exact: Job-USIDNR(IterationCount=20, WarmupCount=4) [FileSize=1MB, query=cat]
//   SearchOperationsBenchmark.BloomFilter-Exact: Job-USIDNR(IterationCount=20, WarmupCount=4) [FileSize=1MB, query=cat]
//   SearchOperationsBenchmark.Trie-Exact: Job-USIDNR(IterationCount=20, WarmupCount=4) [FileSize=1MB, query=or]
//   SearchOperationsBenchmark.InvertedIndex-Exact: Job-USIDNR(IterationCount=20, WarmupCount=4) [FileSize=1MB, query=or]
//   SearchOperationsBenchmark.BloomFilter-Exact: Job-USIDNR(IterationCount=20, WarmupCount=4) [FileSize=1MB, query=or]
//   SearchOperationsBenchmark.Trie-Exact: Job-USIDNR(IterationCount=20, WarmupCount=4) [FileSize=200MB, query=and]
//   SearchOperationsBenchmark.InvertedIndex-Exact: Job-USIDNR(IterationCount=20, WarmupCount=4) [FileSize=200MB, query=and]
//   SearchOperationsBenchmark.BloomFilter-Exact: Job-USIDNR(IterationCount=20, WarmupCount=4) [FileSize=200MB, query=and]
//   SearchOperationsBenchmark.Trie-Exact: Job-USIDNR(IterationCount=20, WarmupCount=4) [FileSize=200MB, query=because]
//   SearchOperationsBenchmark.InvertedIndex-Exact: Job-USIDNR(IterationCount=20, WarmupCount=4) [FileSize=200MB, query=because]
//   SearchOperationsBenchmark.BloomFilter-Exact: Job-USIDNR(IterationCount=20, WarmupCount=4) [FileSize=200MB, query=because]
//   SearchOperationsBenchmark.Trie-Exact: Job-USIDNR(IterationCount=20, WarmupCount=4) [FileSize=200MB, query=cat]
//   SearchOperationsBenchmark.InvertedIndex-Exact: Job-USIDNR(IterationCount=20, WarmupCount=4) [FileSize=200MB, query=cat]
//   SearchOperationsBenchmark.BloomFilter-Exact: Job-USIDNR(IterationCount=20, WarmupCount=4) [FileSize=200MB, query=cat]
//   SearchOperationsBenchmark.Trie-Exact: Job-USIDNR(IterationCount=20, WarmupCount=4) [FileSize=200MB, query=or]
//   SearchOperationsBenchmark.InvertedIndex-Exact: Job-USIDNR(IterationCount=20, WarmupCount=4) [FileSize=200MB, query=or]
//   SearchOperationsBenchmark.BloomFilter-Exact: Job-USIDNR(IterationCount=20, WarmupCount=4) [FileSize=200MB, query=or]
//   SearchOperationsBenchmark.Trie-Exact: Job-USIDNR(IterationCount=20, WarmupCount=4) [FileSize=20MB, query=and]
//   SearchOperationsBenchmark.InvertedIndex-Exact: Job-USIDNR(IterationCount=20, WarmupCount=4) [FileSize=20MB, query=and]
//   SearchOperationsBenchmark.BloomFilter-Exact: Job-USIDNR(IterationCount=20, WarmupCount=4) [FileSize=20MB, query=and]
//   SearchOperationsBenchmark.Trie-Exact: Job-USIDNR(IterationCount=20, WarmupCount=4) [FileSize=20MB, query=because]
//   SearchOperationsBenchmark.InvertedIndex-Exact: Job-USIDNR(IterationCount=20, WarmupCount=4) [FileSize=20MB, query=because]
//   SearchOperationsBenchmark.BloomFilter-Exact: Job-USIDNR(IterationCount=20, WarmupCount=4) [FileSize=20MB, query=because]
//   SearchOperationsBenchmark.Trie-Exact: Job-USIDNR(IterationCount=20, WarmupCount=4) [FileSize=20MB, query=cat]
//   SearchOperationsBenchmark.InvertedIndex-Exact: Job-USIDNR(IterationCount=20, WarmupCount=4) [FileSize=20MB, query=cat]
//   SearchOperationsBenchmark.BloomFilter-Exact: Job-USIDNR(IterationCount=20, WarmupCount=4) [FileSize=20MB, query=cat]
//   SearchOperationsBenchmark.Trie-Exact: Job-USIDNR(IterationCount=20, WarmupCount=4) [FileSize=20MB, query=or]
//   SearchOperationsBenchmark.InvertedIndex-Exact: Job-USIDNR(IterationCount=20, WarmupCount=4) [FileSize=20MB, query=or]
//   SearchOperationsBenchmark.BloomFilter-Exact: Job-USIDNR(IterationCount=20, WarmupCount=4) [FileSize=20MB, query=or]
//   SearchOperationsBenchmark.Trie-Exact: Job-USIDNR(IterationCount=20, WarmupCount=4) [FileSize=2MB, query=and]
//   SearchOperationsBenchmark.InvertedIndex-Exact: Job-USIDNR(IterationCount=20, WarmupCount=4) [FileSize=2MB, query=and]
//   SearchOperationsBenchmark.BloomFilter-Exact: Job-USIDNR(IterationCount=20, WarmupCount=4) [FileSize=2MB, query=and]
//   SearchOperationsBenchmark.Trie-Exact: Job-USIDNR(IterationCount=20, WarmupCount=4) [FileSize=2MB, query=because]
//   SearchOperationsBenchmark.InvertedIndex-Exact: Job-USIDNR(IterationCount=20, WarmupCount=4) [FileSize=2MB, query=because]
//   SearchOperationsBenchmark.BloomFilter-Exact: Job-USIDNR(IterationCount=20, WarmupCount=4) [FileSize=2MB, query=because]
//   SearchOperationsBenchmark.Trie-Exact: Job-USIDNR(IterationCount=20, WarmupCount=4) [FileSize=2MB, query=cat]
//   SearchOperationsBenchmark.InvertedIndex-Exact: Job-USIDNR(IterationCount=20, WarmupCount=4) [FileSize=2MB, query=cat]
//   SearchOperationsBenchmark.BloomFilter-Exact: Job-USIDNR(IterationCount=20, WarmupCount=4) [FileSize=2MB, query=cat]
//   SearchOperationsBenchmark.Trie-Exact: Job-USIDNR(IterationCount=20, WarmupCount=4) [FileSize=2MB, query=or]
//   SearchOperationsBenchmark.InvertedIndex-Exact: Job-USIDNR(IterationCount=20, WarmupCount=4) [FileSize=2MB, query=or]
//   SearchOperationsBenchmark.BloomFilter-Exact: Job-USIDNR(IterationCount=20, WarmupCount=4) [FileSize=2MB, query=or]
//   SearchOperationsBenchmark.Trie-Exact: Job-USIDNR(IterationCount=20, WarmupCount=4) [FileSize=400MB, query=and]
//   SearchOperationsBenchmark.InvertedIndex-Exact: Job-USIDNR(IterationCount=20, WarmupCount=4) [FileSize=400MB, query=and]
//   SearchOperationsBenchmark.BloomFilter-Exact: Job-USIDNR(IterationCount=20, WarmupCount=4) [FileSize=400MB, query=and]
//   SearchOperationsBenchmark.Trie-Exact: Job-USIDNR(IterationCount=20, WarmupCount=4) [FileSize=400MB, query=because]
//   SearchOperationsBenchmark.InvertedIndex-Exact: Job-USIDNR(IterationCount=20, WarmupCount=4) [FileSize=400MB, query=because]
//   SearchOperationsBenchmark.BloomFilter-Exact: Job-USIDNR(IterationCount=20, WarmupCount=4) [FileSize=400MB, query=because]
//   SearchOperationsBenchmark.Trie-Exact: Job-USIDNR(IterationCount=20, WarmupCount=4) [FileSize=400MB, query=cat]
//   SearchOperationsBenchmark.InvertedIndex-Exact: Job-USIDNR(IterationCount=20, WarmupCount=4) [FileSize=400MB, query=cat]
//   SearchOperationsBenchmark.BloomFilter-Exact: Job-USIDNR(IterationCount=20, WarmupCount=4) [FileSize=400MB, query=cat]
//   SearchOperationsBenchmark.Trie-Exact: Job-USIDNR(IterationCount=20, WarmupCount=4) [FileSize=400MB, query=or]
//   SearchOperationsBenchmark.InvertedIndex-Exact: Job-USIDNR(IterationCount=20, WarmupCount=4) [FileSize=400MB, query=or]
//   SearchOperationsBenchmark.BloomFilter-Exact: Job-USIDNR(IterationCount=20, WarmupCount=4) [FileSize=400MB, query=or]
//   SearchOperationsBenchmark.Trie-Exact: Job-USIDNR(IterationCount=20, WarmupCount=4) [FileSize=50MB, query=and]
//   SearchOperationsBenchmark.InvertedIndex-Exact: Job-USIDNR(IterationCount=20, WarmupCount=4) [FileSize=50MB, query=and]
//   SearchOperationsBenchmark.BloomFilter-Exact: Job-USIDNR(IterationCount=20, WarmupCount=4) [FileSize=50MB, query=and]
//   SearchOperationsBenchmark.Trie-Exact: Job-USIDNR(IterationCount=20, WarmupCount=4) [FileSize=50MB, query=because]
//   SearchOperationsBenchmark.InvertedIndex-Exact: Job-USIDNR(IterationCount=20, WarmupCount=4) [FileSize=50MB, query=because]
//   SearchOperationsBenchmark.BloomFilter-Exact: Job-USIDNR(IterationCount=20, WarmupCount=4) [FileSize=50MB, query=because]
//   SearchOperationsBenchmark.Trie-Exact: Job-USIDNR(IterationCount=20, WarmupCount=4) [FileSize=50MB, query=cat]
//   SearchOperationsBenchmark.InvertedIndex-Exact: Job-USIDNR(IterationCount=20, WarmupCount=4) [FileSize=50MB, query=cat]
//   SearchOperationsBenchmark.BloomFilter-Exact: Job-USIDNR(IterationCount=20, WarmupCount=4) [FileSize=50MB, query=cat]
//   SearchOperationsBenchmark.Trie-Exact: Job-USIDNR(IterationCount=20, WarmupCount=4) [FileSize=50MB, query=or]
//   SearchOperationsBenchmark.InvertedIndex-Exact: Job-USIDNR(IterationCount=20, WarmupCount=4) [FileSize=50MB, query=or]
//   SearchOperationsBenchmark.BloomFilter-Exact: Job-USIDNR(IterationCount=20, WarmupCount=4) [FileSize=50MB, query=or]
//   SearchOperationsBenchmark.Trie-Exact: Job-USIDNR(IterationCount=20, WarmupCount=4) [FileSize=5MB, query=and]
//   SearchOperationsBenchmark.InvertedIndex-Exact: Job-USIDNR(IterationCount=20, WarmupCount=4) [FileSize=5MB, query=and]
//   SearchOperationsBenchmark.BloomFilter-Exact: Job-USIDNR(IterationCount=20, WarmupCount=4) [FileSize=5MB, query=and]
//   SearchOperationsBenchmark.Trie-Exact: Job-USIDNR(IterationCount=20, WarmupCount=4) [FileSize=5MB, query=because]
//   SearchOperationsBenchmark.InvertedIndex-Exact: Job-USIDNR(IterationCount=20, WarmupCount=4) [FileSize=5MB, query=because]
//   SearchOperationsBenchmark.BloomFilter-Exact: Job-USIDNR(IterationCount=20, WarmupCount=4) [FileSize=5MB, query=because]
//   SearchOperationsBenchmark.Trie-Exact: Job-USIDNR(IterationCount=20, WarmupCount=4) [FileSize=5MB, query=cat]
//   SearchOperationsBenchmark.InvertedIndex-Exact: Job-USIDNR(IterationCount=20, WarmupCount=4) [FileSize=5MB, query=cat]
//   SearchOperationsBenchmark.BloomFilter-Exact: Job-USIDNR(IterationCount=20, WarmupCount=4) [FileSize=5MB, query=cat]
//   SearchOperationsBenchmark.Trie-Exact: Job-USIDNR(IterationCount=20, WarmupCount=4) [FileSize=5MB, query=or]
//   SearchOperationsBenchmark.InvertedIndex-Exact: Job-USIDNR(IterationCount=20, WarmupCount=4) [FileSize=5MB, query=or]
//   SearchOperationsBenchmark.BloomFilter-Exact: Job-USIDNR(IterationCount=20, WarmupCount=4) [FileSize=5MB, query=or]
//   SearchOperationsBenchmark.InvertedIndex-Phrase: Job-USIDNR(IterationCount=20, WarmupCount=4) [FileSize=100KB, query=and it]
//   SearchOperationsBenchmark.Trie-Phrase: Job-USIDNR(IterationCount=20, WarmupCount=4) [FileSize=100KB, query=and it]
//   SearchOperationsBenchmark.InvertedIndex-Phrase: Job-USIDNR(IterationCount=20, WarmupCount=4) [FileSize=100KB, query=and it was]
//   SearchOperationsBenchmark.Trie-Phrase: Job-USIDNR(IterationCount=20, WarmupCount=4) [FileSize=100KB, query=and it was]
//   SearchOperationsBenchmark.InvertedIndex-Phrase: Job-USIDNR(IterationCount=20, WarmupCount=4) [FileSize=100KB, query=he was]
//   SearchOperationsBenchmark.Trie-Phrase: Job-USIDNR(IterationCount=20, WarmupCount=4) [FileSize=100KB, query=he was]
//   SearchOperationsBenchmark.InvertedIndex-Phrase: Job-USIDNR(IterationCount=20, WarmupCount=4) [FileSize=100KB, query=it was]
//   SearchOperationsBenchmark.Trie-Phrase: Job-USIDNR(IterationCount=20, WarmupCount=4) [FileSize=100KB, query=it was]
//   SearchOperationsBenchmark.InvertedIndex-Phrase: Job-USIDNR(IterationCount=20, WarmupCount=4) [FileSize=100MB, query=and it]
//   SearchOperationsBenchmark.Trie-Phrase: Job-USIDNR(IterationCount=20, WarmupCount=4) [FileSize=100MB, query=and it]
//   SearchOperationsBenchmark.InvertedIndex-Phrase: Job-USIDNR(IterationCount=20, WarmupCount=4) [FileSize=100MB, query=and it was]
//   SearchOperationsBenchmark.Trie-Phrase: Job-USIDNR(IterationCount=20, WarmupCount=4) [FileSize=100MB, query=and it was]
//   SearchOperationsBenchmark.InvertedIndex-Phrase: Job-USIDNR(IterationCount=20, WarmupCount=4) [FileSize=100MB, query=he was]
//   SearchOperationsBenchmark.Trie-Phrase: Job-USIDNR(IterationCount=20, WarmupCount=4) [FileSize=100MB, query=he was]
//   SearchOperationsBenchmark.InvertedIndex-Phrase: Job-USIDNR(IterationCount=20, WarmupCount=4) [FileSize=100MB, query=it was]
//   SearchOperationsBenchmark.Trie-Phrase: Job-USIDNR(IterationCount=20, WarmupCount=4) [FileSize=100MB, query=it was]
//   SearchOperationsBenchmark.InvertedIndex-Phrase: Job-USIDNR(IterationCount=20, WarmupCount=4) [FileSize=10MB, query=and it]
//   SearchOperationsBenchmark.Trie-Phrase: Job-USIDNR(IterationCount=20, WarmupCount=4) [FileSize=10MB, query=and it]
//   SearchOperationsBenchmark.InvertedIndex-Phrase: Job-USIDNR(IterationCount=20, WarmupCount=4) [FileSize=10MB, query=and it was]
//   SearchOperationsBenchmark.Trie-Phrase: Job-USIDNR(IterationCount=20, WarmupCount=4) [FileSize=10MB, query=and it was]
//   SearchOperationsBenchmark.InvertedIndex-Phrase: Job-USIDNR(IterationCount=20, WarmupCount=4) [FileSize=10MB, query=he was]
//   SearchOperationsBenchmark.Trie-Phrase: Job-USIDNR(IterationCount=20, WarmupCount=4) [FileSize=10MB, query=he was]
//   SearchOperationsBenchmark.InvertedIndex-Phrase: Job-USIDNR(IterationCount=20, WarmupCount=4) [FileSize=10MB, query=it was]
//   SearchOperationsBenchmark.Trie-Phrase: Job-USIDNR(IterationCount=20, WarmupCount=4) [FileSize=10MB, query=it was]
//   SearchOperationsBenchmark.InvertedIndex-Phrase: Job-USIDNR(IterationCount=20, WarmupCount=4) [FileSize=1MB, query=and it]
//   SearchOperationsBenchmark.Trie-Phrase: Job-USIDNR(IterationCount=20, WarmupCount=4) [FileSize=1MB, query=and it]
//   SearchOperationsBenchmark.InvertedIndex-Phrase: Job-USIDNR(IterationCount=20, WarmupCount=4) [FileSize=1MB, query=and it was]
//   SearchOperationsBenchmark.Trie-Phrase: Job-USIDNR(IterationCount=20, WarmupCount=4) [FileSize=1MB, query=and it was]
//   SearchOperationsBenchmark.InvertedIndex-Phrase: Job-USIDNR(IterationCount=20, WarmupCount=4) [FileSize=1MB, query=he was]
//   SearchOperationsBenchmark.Trie-Phrase: Job-USIDNR(IterationCount=20, WarmupCount=4) [FileSize=1MB, query=he was]
//   SearchOperationsBenchmark.InvertedIndex-Phrase: Job-USIDNR(IterationCount=20, WarmupCount=4) [FileSize=1MB, query=it was]
//   SearchOperationsBenchmark.Trie-Phrase: Job-USIDNR(IterationCount=20, WarmupCount=4) [FileSize=1MB, query=it was]
//   SearchOperationsBenchmark.InvertedIndex-Phrase: Job-USIDNR(IterationCount=20, WarmupCount=4) [FileSize=200MB, query=and it]
//   SearchOperationsBenchmark.Trie-Phrase: Job-USIDNR(IterationCount=20, WarmupCount=4) [FileSize=200MB, query=and it]
//   SearchOperationsBenchmark.InvertedIndex-Phrase: Job-USIDNR(IterationCount=20, WarmupCount=4) [FileSize=200MB, query=and it was]
//   SearchOperationsBenchmark.Trie-Phrase: Job-USIDNR(IterationCount=20, WarmupCount=4) [FileSize=200MB, query=and it was]
//   SearchOperationsBenchmark.InvertedIndex-Phrase: Job-USIDNR(IterationCount=20, WarmupCount=4) [FileSize=200MB, query=he was]
//   SearchOperationsBenchmark.Trie-Phrase: Job-USIDNR(IterationCount=20, WarmupCount=4) [FileSize=200MB, query=he was]
//   SearchOperationsBenchmark.InvertedIndex-Phrase: Job-USIDNR(IterationCount=20, WarmupCount=4) [FileSize=200MB, query=it was]
//   SearchOperationsBenchmark.Trie-Phrase: Job-USIDNR(IterationCount=20, WarmupCount=4) [FileSize=200MB, query=it was]
//   SearchOperationsBenchmark.InvertedIndex-Phrase: Job-USIDNR(IterationCount=20, WarmupCount=4) [FileSize=20MB, query=and it]
//   SearchOperationsBenchmark.Trie-Phrase: Job-USIDNR(IterationCount=20, WarmupCount=4) [FileSize=20MB, query=and it]
//   SearchOperationsBenchmark.InvertedIndex-Phrase: Job-USIDNR(IterationCount=20, WarmupCount=4) [FileSize=20MB, query=and it was]
//   SearchOperationsBenchmark.Trie-Phrase: Job-USIDNR(IterationCount=20, WarmupCount=4) [FileSize=20MB, query=and it was]
//   SearchOperationsBenchmark.InvertedIndex-Phrase: Job-USIDNR(IterationCount=20, WarmupCount=4) [FileSize=20MB, query=he was]
//   SearchOperationsBenchmark.Trie-Phrase: Job-USIDNR(IterationCount=20, WarmupCount=4) [FileSize=20MB, query=he was]
//   SearchOperationsBenchmark.InvertedIndex-Phrase: Job-USIDNR(IterationCount=20, WarmupCount=4) [FileSize=20MB, query=it was]
//   SearchOperationsBenchmark.Trie-Phrase: Job-USIDNR(IterationCount=20, WarmupCount=4) [FileSize=20MB, query=it was]
//   SearchOperationsBenchmark.InvertedIndex-Phrase: Job-USIDNR(IterationCount=20, WarmupCount=4) [FileSize=2MB, query=and it]
//   SearchOperationsBenchmark.Trie-Phrase: Job-USIDNR(IterationCount=20, WarmupCount=4) [FileSize=2MB, query=and it]
//   SearchOperationsBenchmark.InvertedIndex-Phrase: Job-USIDNR(IterationCount=20, WarmupCount=4) [FileSize=2MB, query=and it was]
//   SearchOperationsBenchmark.Trie-Phrase: Job-USIDNR(IterationCount=20, WarmupCount=4) [FileSize=2MB, query=and it was]
//   SearchOperationsBenchmark.InvertedIndex-Phrase: Job-USIDNR(IterationCount=20, WarmupCount=4) [FileSize=2MB, query=he was]
//   SearchOperationsBenchmark.Trie-Phrase: Job-USIDNR(IterationCount=20, WarmupCount=4) [FileSize=2MB, query=he was]
//   SearchOperationsBenchmark.InvertedIndex-Phrase: Job-USIDNR(IterationCount=20, WarmupCount=4) [FileSize=2MB, query=it was]
//   SearchOperationsBenchmark.Trie-Phrase: Job-USIDNR(IterationCount=20, WarmupCount=4) [FileSize=2MB, query=it was]
//   SearchOperationsBenchmark.InvertedIndex-Phrase: Job-USIDNR(IterationCount=20, WarmupCount=4) [FileSize=400MB, query=and it]
//   SearchOperationsBenchmark.Trie-Phrase: Job-USIDNR(IterationCount=20, WarmupCount=4) [FileSize=400MB, query=and it]
//   SearchOperationsBenchmark.InvertedIndex-Phrase: Job-USIDNR(IterationCount=20, WarmupCount=4) [FileSize=400MB, query=and it was]
//   SearchOperationsBenchmark.Trie-Phrase: Job-USIDNR(IterationCount=20, WarmupCount=4) [FileSize=400MB, query=and it was]
//   SearchOperationsBenchmark.InvertedIndex-Phrase: Job-USIDNR(IterationCount=20, WarmupCount=4) [FileSize=400MB, query=he was]
//   SearchOperationsBenchmark.Trie-Phrase: Job-USIDNR(IterationCount=20, WarmupCount=4) [FileSize=400MB, query=he was]
//   SearchOperationsBenchmark.InvertedIndex-Phrase: Job-USIDNR(IterationCount=20, WarmupCount=4) [FileSize=400MB, query=it was]
//   SearchOperationsBenchmark.Trie-Phrase: Job-USIDNR(IterationCount=20, WarmupCount=4) [FileSize=400MB, query=it was]
//   SearchOperationsBenchmark.InvertedIndex-Phrase: Job-USIDNR(IterationCount=20, WarmupCount=4) [FileSize=50MB, query=and it]
//   SearchOperationsBenchmark.Trie-Phrase: Job-USIDNR(IterationCount=20, WarmupCount=4) [FileSize=50MB, query=and it]
//   SearchOperationsBenchmark.InvertedIndex-Phrase: Job-USIDNR(IterationCount=20, WarmupCount=4) [FileSize=50MB, query=and it was]
//   SearchOperationsBenchmark.Trie-Phrase: Job-USIDNR(IterationCount=20, WarmupCount=4) [FileSize=50MB, query=and it was]
//   SearchOperationsBenchmark.InvertedIndex-Phrase: Job-USIDNR(IterationCount=20, WarmupCount=4) [FileSize=50MB, query=he was]
//   SearchOperationsBenchmark.Trie-Phrase: Job-USIDNR(IterationCount=20, WarmupCount=4) [FileSize=50MB, query=he was]
//   SearchOperationsBenchmark.InvertedIndex-Phrase: Job-USIDNR(IterationCount=20, WarmupCount=4) [FileSize=50MB, query=it was]
//   SearchOperationsBenchmark.Trie-Phrase: Job-USIDNR(IterationCount=20, WarmupCount=4) [FileSize=50MB, query=it was]
//   SearchOperationsBenchmark.InvertedIndex-Phrase: Job-USIDNR(IterationCount=20, WarmupCount=4) [FileSize=5MB, query=and it]
//   SearchOperationsBenchmark.Trie-Phrase: Job-USIDNR(IterationCount=20, WarmupCount=4) [FileSize=5MB, query=and it]
//   SearchOperationsBenchmark.InvertedIndex-Phrase: Job-USIDNR(IterationCount=20, WarmupCount=4) [FileSize=5MB, query=and it was]
//   SearchOperationsBenchmark.Trie-Phrase: Job-USIDNR(IterationCount=20, WarmupCount=4) [FileSize=5MB, query=and it was]
//   SearchOperationsBenchmark.InvertedIndex-Phrase: Job-USIDNR(IterationCount=20, WarmupCount=4) [FileSize=5MB, query=he was]
//   SearchOperationsBenchmark.Trie-Phrase: Job-USIDNR(IterationCount=20, WarmupCount=4) [FileSize=5MB, query=he was]
//   SearchOperationsBenchmark.InvertedIndex-Phrase: Job-USIDNR(IterationCount=20, WarmupCount=4) [FileSize=5MB, query=it was]
//   SearchOperationsBenchmark.Trie-Phrase: Job-USIDNR(IterationCount=20, WarmupCount=4) [FileSize=5MB, query=it was]
//   SearchOperationsBenchmark.Trie-PrefixDocuments: Job-USIDNR(IterationCount=20, WarmupCount=4) [FileSize=100KB, query=an]
//   SearchOperationsBenchmark.Trie-PrefixWords: Job-USIDNR(IterationCount=20, WarmupCount=4) [FileSize=100KB, query=an]
//   SearchOperationsBenchmark.InvertedIndex-Prefix: Job-USIDNR(IterationCount=20, WarmupCount=4) [FileSize=100KB, query=an]
//   SearchOperationsBenchmark.Trie-PrefixDocuments: Job-USIDNR(IterationCount=20, WarmupCount=4) [FileSize=100KB, query=br]
//   SearchOperationsBenchmark.Trie-PrefixWords: Job-USIDNR(IterationCount=20, WarmupCount=4) [FileSize=100KB, query=br]
//   SearchOperationsBenchmark.InvertedIndex-Prefix: Job-USIDNR(IterationCount=20, WarmupCount=4) [FileSize=100KB, query=br]
//   SearchOperationsBenchmark.Trie-PrefixDocuments: Job-USIDNR(IterationCount=20, WarmupCount=4) [FileSize=100KB, query=ca]
//   SearchOperationsBenchmark.Trie-PrefixWords: Job-USIDNR(IterationCount=20, WarmupCount=4) [FileSize=100KB, query=ca]
//   SearchOperationsBenchmark.InvertedIndex-Prefix: Job-USIDNR(IterationCount=20, WarmupCount=4) [FileSize=100KB, query=ca]
//   SearchOperationsBenchmark.Trie-PrefixDocuments: Job-USIDNR(IterationCount=20, WarmupCount=4) [FileSize=100KB, query=or]
//   SearchOperationsBenchmark.Trie-PrefixWords: Job-USIDNR(IterationCount=20, WarmupCount=4) [FileSize=100KB, query=or]
//   SearchOperationsBenchmark.InvertedIndex-Prefix: Job-USIDNR(IterationCount=20, WarmupCount=4) [FileSize=100KB, query=or]
//   SearchOperationsBenchmark.Trie-PrefixDocuments: Job-USIDNR(IterationCount=20, WarmupCount=4) [FileSize=100MB, query=an]
//   SearchOperationsBenchmark.Trie-PrefixWords: Job-USIDNR(IterationCount=20, WarmupCount=4) [FileSize=100MB, query=an]
//   SearchOperationsBenchmark.InvertedIndex-Prefix: Job-USIDNR(IterationCount=20, WarmupCount=4) [FileSize=100MB, query=an]
//   SearchOperationsBenchmark.Trie-PrefixDocuments: Job-USIDNR(IterationCount=20, WarmupCount=4) [FileSize=100MB, query=br]
//   SearchOperationsBenchmark.Trie-PrefixWords: Job-USIDNR(IterationCount=20, WarmupCount=4) [FileSize=100MB, query=br]
//   SearchOperationsBenchmark.InvertedIndex-Prefix: Job-USIDNR(IterationCount=20, WarmupCount=4) [FileSize=100MB, query=br]
//   SearchOperationsBenchmark.Trie-PrefixDocuments: Job-USIDNR(IterationCount=20, WarmupCount=4) [FileSize=100MB, query=ca]
//   SearchOperationsBenchmark.Trie-PrefixWords: Job-USIDNR(IterationCount=20, WarmupCount=4) [FileSize=100MB, query=ca]
//   SearchOperationsBenchmark.InvertedIndex-Prefix: Job-USIDNR(IterationCount=20, WarmupCount=4) [FileSize=100MB, query=ca]
//   SearchOperationsBenchmark.Trie-PrefixDocuments: Job-USIDNR(IterationCount=20, WarmupCount=4) [FileSize=100MB, query=or]
//   SearchOperationsBenchmark.Trie-PrefixWords: Job-USIDNR(IterationCount=20, WarmupCount=4) [FileSize=100MB, query=or]
//   SearchOperationsBenchmark.InvertedIndex-Prefix: Job-USIDNR(IterationCount=20, WarmupCount=4) [FileSize=100MB, query=or]
//   SearchOperationsBenchmark.Trie-PrefixDocuments: Job-USIDNR(IterationCount=20, WarmupCount=4) [FileSize=10MB, query=an]
//   SearchOperationsBenchmark.Trie-PrefixWords: Job-USIDNR(IterationCount=20, WarmupCount=4) [FileSize=10MB, query=an]
//   SearchOperationsBenchmark.InvertedIndex-Prefix: Job-USIDNR(IterationCount=20, WarmupCount=4) [FileSize=10MB, query=an]
//   SearchOperationsBenchmark.Trie-PrefixDocuments: Job-USIDNR(IterationCount=20, WarmupCount=4) [FileSize=10MB, query=br]
//   SearchOperationsBenchmark.Trie-PrefixWords: Job-USIDNR(IterationCount=20, WarmupCount=4) [FileSize=10MB, query=br]
//   SearchOperationsBenchmark.InvertedIndex-Prefix: Job-USIDNR(IterationCount=20, WarmupCount=4) [FileSize=10MB, query=br]
//   SearchOperationsBenchmark.Trie-PrefixDocuments: Job-USIDNR(IterationCount=20, WarmupCount=4) [FileSize=10MB, query=ca]
//   SearchOperationsBenchmark.Trie-PrefixWords: Job-USIDNR(IterationCount=20, WarmupCount=4) [FileSize=10MB, query=ca]
//   SearchOperationsBenchmark.InvertedIndex-Prefix: Job-USIDNR(IterationCount=20, WarmupCount=4) [FileSize=10MB, query=ca]
//   SearchOperationsBenchmark.Trie-PrefixDocuments: Job-USIDNR(IterationCount=20, WarmupCount=4) [FileSize=10MB, query=or]
//   SearchOperationsBenchmark.Trie-PrefixWords: Job-USIDNR(IterationCount=20, WarmupCount=4) [FileSize=10MB, query=or]
//   SearchOperationsBenchmark.InvertedIndex-Prefix: Job-USIDNR(IterationCount=20, WarmupCount=4) [FileSize=10MB, query=or]
//   SearchOperationsBenchmark.Trie-PrefixDocuments: Job-USIDNR(IterationCount=20, WarmupCount=4) [FileSize=1MB, query=an]
//   SearchOperationsBenchmark.Trie-PrefixWords: Job-USIDNR(IterationCount=20, WarmupCount=4) [FileSize=1MB, query=an]
//   SearchOperationsBenchmark.InvertedIndex-Prefix: Job-USIDNR(IterationCount=20, WarmupCount=4) [FileSize=1MB, query=an]
//   SearchOperationsBenchmark.Trie-PrefixDocuments: Job-USIDNR(IterationCount=20, WarmupCount=4) [FileSize=1MB, query=br]
//   SearchOperationsBenchmark.Trie-PrefixWords: Job-USIDNR(IterationCount=20, WarmupCount=4) [FileSize=1MB, query=br]
//   SearchOperationsBenchmark.InvertedIndex-Prefix: Job-USIDNR(IterationCount=20, WarmupCount=4) [FileSize=1MB, query=br]
//   SearchOperationsBenchmark.Trie-PrefixDocuments: Job-USIDNR(IterationCount=20, WarmupCount=4) [FileSize=1MB, query=ca]
//   SearchOperationsBenchmark.Trie-PrefixWords: Job-USIDNR(IterationCount=20, WarmupCount=4) [FileSize=1MB, query=ca]
//   SearchOperationsBenchmark.InvertedIndex-Prefix: Job-USIDNR(IterationCount=20, WarmupCount=4) [FileSize=1MB, query=ca]
//   SearchOperationsBenchmark.Trie-PrefixDocuments: Job-USIDNR(IterationCount=20, WarmupCount=4) [FileSize=1MB, query=or]
//   SearchOperationsBenchmark.Trie-PrefixWords: Job-USIDNR(IterationCount=20, WarmupCount=4) [FileSize=1MB, query=or]
//   SearchOperationsBenchmark.InvertedIndex-Prefix: Job-USIDNR(IterationCount=20, WarmupCount=4) [FileSize=1MB, query=or]
//   SearchOperationsBenchmark.Trie-PrefixDocuments: Job-USIDNR(IterationCount=20, WarmupCount=4) [FileSize=200MB, query=an]
//   SearchOperationsBenchmark.Trie-PrefixWords: Job-USIDNR(IterationCount=20, WarmupCount=4) [FileSize=200MB, query=an]
//   SearchOperationsBenchmark.InvertedIndex-Prefix: Job-USIDNR(IterationCount=20, WarmupCount=4) [FileSize=200MB, query=an]
//   SearchOperationsBenchmark.Trie-PrefixDocuments: Job-USIDNR(IterationCount=20, WarmupCount=4) [FileSize=200MB, query=br]
//   SearchOperationsBenchmark.Trie-PrefixWords: Job-USIDNR(IterationCount=20, WarmupCount=4) [FileSize=200MB, query=br]
//   SearchOperationsBenchmark.InvertedIndex-Prefix: Job-USIDNR(IterationCount=20, WarmupCount=4) [FileSize=200MB, query=br]
//   SearchOperationsBenchmark.Trie-PrefixDocuments: Job-USIDNR(IterationCount=20, WarmupCount=4) [FileSize=200MB, query=ca]
//   SearchOperationsBenchmark.Trie-PrefixWords: Job-USIDNR(IterationCount=20, WarmupCount=4) [FileSize=200MB, query=ca]
//   SearchOperationsBenchmark.InvertedIndex-Prefix: Job-USIDNR(IterationCount=20, WarmupCount=4) [FileSize=200MB, query=ca]
//   SearchOperationsBenchmark.Trie-PrefixDocuments: Job-USIDNR(IterationCount=20, WarmupCount=4) [FileSize=200MB, query=or]
//   SearchOperationsBenchmark.Trie-PrefixWords: Job-USIDNR(IterationCount=20, WarmupCount=4) [FileSize=200MB, query=or]
//   SearchOperationsBenchmark.InvertedIndex-Prefix: Job-USIDNR(IterationCount=20, WarmupCount=4) [FileSize=200MB, query=or]
//   SearchOperationsBenchmark.Trie-PrefixDocuments: Job-USIDNR(IterationCount=20, WarmupCount=4) [FileSize=20MB, query=an]
//   SearchOperationsBenchmark.Trie-PrefixWords: Job-USIDNR(IterationCount=20, WarmupCount=4) [FileSize=20MB, query=an]
//   SearchOperationsBenchmark.InvertedIndex-Prefix: Job-USIDNR(IterationCount=20, WarmupCount=4) [FileSize=20MB, query=an]
//   SearchOperationsBenchmark.Trie-PrefixDocuments: Job-USIDNR(IterationCount=20, WarmupCount=4) [FileSize=20MB, query=br]
//   SearchOperationsBenchmark.Trie-PrefixWords: Job-USIDNR(IterationCount=20, WarmupCount=4) [FileSize=20MB, query=br]
//   SearchOperationsBenchmark.InvertedIndex-Prefix: Job-USIDNR(IterationCount=20, WarmupCount=4) [FileSize=20MB, query=br]
//   SearchOperationsBenchmark.Trie-PrefixDocuments: Job-USIDNR(IterationCount=20, WarmupCount=4) [FileSize=20MB, query=ca]
//   SearchOperationsBenchmark.Trie-PrefixWords: Job-USIDNR(IterationCount=20, WarmupCount=4) [FileSize=20MB, query=ca]
//   SearchOperationsBenchmark.InvertedIndex-Prefix: Job-USIDNR(IterationCount=20, WarmupCount=4) [FileSize=20MB, query=ca]
//   SearchOperationsBenchmark.Trie-PrefixDocuments: Job-USIDNR(IterationCount=20, WarmupCount=4) [FileSize=20MB, query=or]
//   SearchOperationsBenchmark.Trie-PrefixWords: Job-USIDNR(IterationCount=20, WarmupCount=4) [FileSize=20MB, query=or]
//   SearchOperationsBenchmark.InvertedIndex-Prefix: Job-USIDNR(IterationCount=20, WarmupCount=4) [FileSize=20MB, query=or]
//   SearchOperationsBenchmark.Trie-PrefixDocuments: Job-USIDNR(IterationCount=20, WarmupCount=4) [FileSize=2MB, query=an]
//   SearchOperationsBenchmark.Trie-PrefixWords: Job-USIDNR(IterationCount=20, WarmupCount=4) [FileSize=2MB, query=an]
//   SearchOperationsBenchmark.InvertedIndex-Prefix: Job-USIDNR(IterationCount=20, WarmupCount=4) [FileSize=2MB, query=an]
//   SearchOperationsBenchmark.Trie-PrefixDocuments: Job-USIDNR(IterationCount=20, WarmupCount=4) [FileSize=2MB, query=br]
//   SearchOperationsBenchmark.Trie-PrefixWords: Job-USIDNR(IterationCount=20, WarmupCount=4) [FileSize=2MB, query=br]
//   SearchOperationsBenchmark.InvertedIndex-Prefix: Job-USIDNR(IterationCount=20, WarmupCount=4) [FileSize=2MB, query=br]
//   SearchOperationsBenchmark.Trie-PrefixDocuments: Job-USIDNR(IterationCount=20, WarmupCount=4) [FileSize=2MB, query=ca]
//   SearchOperationsBenchmark.Trie-PrefixWords: Job-USIDNR(IterationCount=20, WarmupCount=4) [FileSize=2MB, query=ca]
//   SearchOperationsBenchmark.InvertedIndex-Prefix: Job-USIDNR(IterationCount=20, WarmupCount=4) [FileSize=2MB, query=ca]
//   SearchOperationsBenchmark.Trie-PrefixDocuments: Job-USIDNR(IterationCount=20, WarmupCount=4) [FileSize=2MB, query=or]
//   SearchOperationsBenchmark.Trie-PrefixWords: Job-USIDNR(IterationCount=20, WarmupCount=4) [FileSize=2MB, query=or]
//   SearchOperationsBenchmark.InvertedIndex-Prefix: Job-USIDNR(IterationCount=20, WarmupCount=4) [FileSize=2MB, query=or]
//   SearchOperationsBenchmark.Trie-PrefixDocuments: Job-USIDNR(IterationCount=20, WarmupCount=4) [FileSize=400MB, query=an]
//   SearchOperationsBenchmark.Trie-PrefixWords: Job-USIDNR(IterationCount=20, WarmupCount=4) [FileSize=400MB, query=an]
//   SearchOperationsBenchmark.InvertedIndex-Prefix: Job-USIDNR(IterationCount=20, WarmupCount=4) [FileSize=400MB, query=an]
//   SearchOperationsBenchmark.Trie-PrefixDocuments: Job-USIDNR(IterationCount=20, WarmupCount=4) [FileSize=400MB, query=br]
//   SearchOperationsBenchmark.Trie-PrefixWords: Job-USIDNR(IterationCount=20, WarmupCount=4) [FileSize=400MB, query=br]
//   SearchOperationsBenchmark.InvertedIndex-Prefix: Job-USIDNR(IterationCount=20, WarmupCount=4) [FileSize=400MB, query=br]
//   SearchOperationsBenchmark.Trie-PrefixDocuments: Job-USIDNR(IterationCount=20, WarmupCount=4) [FileSize=400MB, query=ca]
//   SearchOperationsBenchmark.Trie-PrefixWords: Job-USIDNR(IterationCount=20, WarmupCount=4) [FileSize=400MB, query=ca]
//   SearchOperationsBenchmark.InvertedIndex-Prefix: Job-USIDNR(IterationCount=20, WarmupCount=4) [FileSize=400MB, query=ca]
//   SearchOperationsBenchmark.Trie-PrefixDocuments: Job-USIDNR(IterationCount=20, WarmupCount=4) [FileSize=400MB, query=or]
//   SearchOperationsBenchmark.Trie-PrefixWords: Job-USIDNR(IterationCount=20, WarmupCount=4) [FileSize=400MB, query=or]
//   SearchOperationsBenchmark.InvertedIndex-Prefix: Job-USIDNR(IterationCount=20, WarmupCount=4) [FileSize=400MB, query=or]
//   SearchOperationsBenchmark.Trie-PrefixDocuments: Job-USIDNR(IterationCount=20, WarmupCount=4) [FileSize=50MB, query=an]
//   SearchOperationsBenchmark.Trie-PrefixWords: Job-USIDNR(IterationCount=20, WarmupCount=4) [FileSize=50MB, query=an]
//   SearchOperationsBenchmark.InvertedIndex-Prefix: Job-USIDNR(IterationCount=20, WarmupCount=4) [FileSize=50MB, query=an]
//   SearchOperationsBenchmark.Trie-PrefixDocuments: Job-USIDNR(IterationCount=20, WarmupCount=4) [FileSize=50MB, query=br]
//   SearchOperationsBenchmark.Trie-PrefixWords: Job-USIDNR(IterationCount=20, WarmupCount=4) [FileSize=50MB, query=br]
//   SearchOperationsBenchmark.InvertedIndex-Prefix: Job-USIDNR(IterationCount=20, WarmupCount=4) [FileSize=50MB, query=br]
//   SearchOperationsBenchmark.Trie-PrefixDocuments: Job-USIDNR(IterationCount=20, WarmupCount=4) [FileSize=50MB, query=ca]
//   SearchOperationsBenchmark.Trie-PrefixWords: Job-USIDNR(IterationCount=20, WarmupCount=4) [FileSize=50MB, query=ca]
//   SearchOperationsBenchmark.InvertedIndex-Prefix: Job-USIDNR(IterationCount=20, WarmupCount=4) [FileSize=50MB, query=ca]
//   SearchOperationsBenchmark.Trie-PrefixDocuments: Job-USIDNR(IterationCount=20, WarmupCount=4) [FileSize=50MB, query=or]
//   SearchOperationsBenchmark.Trie-PrefixWords: Job-USIDNR(IterationCount=20, WarmupCount=4) [FileSize=50MB, query=or]
//   SearchOperationsBenchmark.InvertedIndex-Prefix: Job-USIDNR(IterationCount=20, WarmupCount=4) [FileSize=50MB, query=or]
//   SearchOperationsBenchmark.Trie-PrefixDocuments: Job-USIDNR(IterationCount=20, WarmupCount=4) [FileSize=5MB, query=an]
//   SearchOperationsBenchmark.Trie-PrefixWords: Job-USIDNR(IterationCount=20, WarmupCount=4) [FileSize=5MB, query=an]
//   SearchOperationsBenchmark.InvertedIndex-Prefix: Job-USIDNR(IterationCount=20, WarmupCount=4) [FileSize=5MB, query=an]
//   SearchOperationsBenchmark.Trie-PrefixDocuments: Job-USIDNR(IterationCount=20, WarmupCount=4) [FileSize=5MB, query=br]
//   SearchOperationsBenchmark.Trie-PrefixWords: Job-USIDNR(IterationCount=20, WarmupCount=4) [FileSize=5MB, query=br]
//   SearchOperationsBenchmark.InvertedIndex-Prefix: Job-USIDNR(IterationCount=20, WarmupCount=4) [FileSize=5MB, query=br]
//   SearchOperationsBenchmark.Trie-PrefixDocuments: Job-USIDNR(IterationCount=20, WarmupCount=4) [FileSize=5MB, query=ca]
//   SearchOperationsBenchmark.Trie-PrefixWords: Job-USIDNR(IterationCount=20, WarmupCount=4) [FileSize=5MB, query=ca]
//   SearchOperationsBenchmark.InvertedIndex-Prefix: Job-USIDNR(IterationCount=20, WarmupCount=4) [FileSize=5MB, query=ca]
//   SearchOperationsBenchmark.Trie-PrefixDocuments: Job-USIDNR(IterationCount=20, WarmupCount=4) [FileSize=5MB, query=or]
//   SearchOperationsBenchmark.Trie-PrefixWords: Job-USIDNR(IterationCount=20, WarmupCount=4) [FileSize=5MB, query=or]
//   SearchOperationsBenchmark.InvertedIndex-Prefix: Job-USIDNR(IterationCount=20, WarmupCount=4) [FileSize=5MB, query=or]

// **************************
// Benchmark: SearchOperationsBenchmark.Trie-Boolean-Naive: Job-USIDNR(IterationCount=20, WarmupCount=4) [FileSize=100KB, query=and && or || cat]
// *** Execute ***
// Launch: 1 / 1
// Execute: dotnet 0b5a97fb-1cac-41ad-b15f-0ffc1cd924b7.dll --anonymousPipes 124 125 --benchmarkName "SearchEngine.Benchmarks.SearchOperationsBenchmark.TrieBooleanSearchNaive(query: \"and && or || cat\", FileSize: \"100KB\")" --job "IterationCount=20, WarmupCount=4" --benchmarkId 0 in /home/shierfall/RiderProjects/search-engine-project/Benchmarks/bin/RELEASE/net9.0/0b5a97fb-1cac-41ad-b15f-0ffc1cd924b7/bin/Release/net9.0
// Failed to set up high priority (Permission denied). In order to run benchmarks with high priority, make sure you have the right permissions.
// BeforeAnythingElse

// Benchmark Process Environment Information:
// BenchmarkDotNet v0.14.0
// Runtime=.NET 9.0.4 (9.0.425.16305), X64 RyuJIT AVX2
// GC=Concurrent Workstation
// HardwareIntrinsics=AVX2,AES,BMI1,BMI2,FMA,LZCNT,PCLMUL,POPCNT VectorSize=256
// Job: Job-FXJXAW(IterationCount=20, WarmupCount=4)

OverheadJitting  1: 1 op, 1044565.00 ns, 1.0446 ms/op
WorkloadJitting  1: 1 op, 12845087.00 ns, 12.8451 ms/op

OverheadJitting  2: 16 op, 1856477.00 ns, 116.0298 us/op
WorkloadJitting  2: 16 op, 1977988.00 ns, 123.6243 us/op

WorkloadPilot    1: 16 op, 427034.00 ns, 26.6896 us/op
WorkloadPilot    2: 32 op, 431472.00 ns, 13.4835 us/op
WorkloadPilot    3: 64 op, 1413476.00 ns, 22.0856 us/op
WorkloadPilot    4: 128 op, 2477999.00 ns, 19.3594 us/op
WorkloadPilot    5: 256 op, 7155617.00 ns, 27.9516 us/op
WorkloadPilot    6: 512 op, 11518102.00 ns, 22.4963 us/op
WorkloadPilot    7: 1024 op, 36224236.00 ns, 35.3752 us/op
WorkloadPilot    8: 2048 op, 69864799.00 ns, 34.1137 us/op
WorkloadPilot    9: 4096 op, 119441506.00 ns, 29.1605 us/op
WorkloadPilot   10: 8192 op, 151422303.00 ns, 18.4842 us/op
WorkloadPilot   11: 16384 op, 101103506.00 ns, 6.1709 us/op
WorkloadPilot   12: 32768 op, 147088350.00 ns, 4.4888 us/op
WorkloadPilot   13: 65536 op, 300427358.00 ns, 4.5842 us/op
WorkloadPilot   14: 131072 op, 514070967.00 ns, 3.9221 us/op

OverheadWarmup   1: 131072 op, 1325169.00 ns, 10.1102 ns/op
OverheadWarmup   2: 131072 op, 1466924.00 ns, 11.1917 ns/op
OverheadWarmup   3: 131072 op, 1358302.00 ns, 10.3630 ns/op
OverheadWarmup   4: 131072 op, 1907053.00 ns, 14.5497 ns/op
OverheadWarmup   5: 131072 op, 1852100.00 ns, 14.1304 ns/op

OverheadActual   1: 131072 op, 1922029.00 ns, 14.6639 ns/op
OverheadActual   2: 131072 op, 1453628.00 ns, 11.0903 ns/op
OverheadActual   3: 131072 op, 1473843.00 ns, 11.2445 ns/op
OverheadActual   4: 131072 op, 2095729.00 ns, 15.9891 ns/op
OverheadActual   5: 131072 op, 2140927.00 ns, 16.3340 ns/op
OverheadActual   6: 131072 op, 2122547.00 ns, 16.1937 ns/op
OverheadActual   7: 131072 op, 1315906.00 ns, 10.0396 ns/op
OverheadActual   8: 131072 op, 2230377.00 ns, 17.0164 ns/op
OverheadActual   9: 131072 op, 1536470.00 ns, 11.7223 ns/op
OverheadActual  10: 131072 op, 1614777.00 ns, 12.3198 ns/op
OverheadActual  11: 131072 op, 2429656.00 ns, 18.5368 ns/op
OverheadActual  12: 131072 op, 2479450.00 ns, 18.9167 ns/op
OverheadActual  13: 131072 op, 1070275.00 ns, 8.1656 ns/op
OverheadActual  14: 131072 op, 1103123.00 ns, 8.4162 ns/op
OverheadActual  15: 131072 op, 1817829.00 ns, 13.8689 ns/op
OverheadActual  16: 131072 op, 1877223.00 ns, 14.3221 ns/op
OverheadActual  17: 131072 op, 1248539.00 ns, 9.5256 ns/op
OverheadActual  18: 131072 op, 1613291.00 ns, 12.3084 ns/op
OverheadActual  19: 131072 op, 1748729.00 ns, 13.3417 ns/op
OverheadActual  20: 131072 op, 1548318.00 ns, 11.8127 ns/op

WorkloadWarmup   1: 131072 op, 540775861.00 ns, 4.1258 us/op
WorkloadWarmup   2: 131072 op, 502545277.00 ns, 3.8341 us/op
WorkloadWarmup   3: 131072 op, 529249891.00 ns, 4.0379 us/op
WorkloadWarmup   4: 131072 op, 525194709.00 ns, 4.0069 us/op

// BeforeActualRun
WorkloadActual   1: 131072 op, 540881694.00 ns, 4.1266 us/op
WorkloadActual   2: 131072 op, 558007600.00 ns, 4.2573 us/op
WorkloadActual   3: 131072 op, 532162670.00 ns, 4.0601 us/op
WorkloadActual   4: 131072 op, 521771625.00 ns, 3.9808 us/op
WorkloadActual   5: 131072 op, 522669031.00 ns, 3.9876 us/op
WorkloadActual   6: 131072 op, 515960768.00 ns, 3.9365 us/op
WorkloadActual   7: 131072 op, 522231943.00 ns, 3.9843 us/op
WorkloadActual   8: 131072 op, 528481813.00 ns, 4.0320 us/op
WorkloadActual   9: 131072 op, 514294853.00 ns, 3.9238 us/op
WorkloadActual  10: 131072 op, 524385112.00 ns, 4.0007 us/op
WorkloadActual  11: 131072 op, 675146587.00 ns, 5.1510 us/op
WorkloadActual  12: 131072 op, 538580640.00 ns, 4.1090 us/op
WorkloadActual  13: 131072 op, 551776274.00 ns, 4.2097 us/op
WorkloadActual  14: 131072 op, 527712197.00 ns, 4.0261 us/op
WorkloadActual  15: 131072 op, 600463906.00 ns, 4.5812 us/op
WorkloadActual  16: 131072 op, 550572728.00 ns, 4.2005 us/op
WorkloadActual  17: 131072 op, 510338365.00 ns, 3.8936 us/op
